// Jest Snapshot v1, https://goo.gl/fbAQLP

exports[`renderJS matches previous snapshot 1`] = `
"export var shadow = \\"var(--shadow-css, grey)\\";
export var buttonShadow = \\"var(--buttonShadow-css, grey)\\";
export var boxShadow = \\"var(--boxShadow-css, grey)\\";
export var lineShadow = \\"var(--lineShadow-css, grey)\\";"
`;

exports[`renderSCSS matches previous snapshot 1`] = `
"$shadow-var: var(--shadow-css, grey);
$buttonShadow-var: var(--buttonShadow-css, grey);
$boxShadow-var: var(--boxShadow-css, grey);
$lineShadow-var: var(--lineShadow-css, grey);"
`;

exports[`renderTS matches previous snapshot 1`] = `
"export const shadow: string;
export const buttonShadow: string;
export const boxShadow: string;
export const lineShadow: string;"
`;
